<testsuites id="" name="" tests="1" failures="1" skipped="0" errors="0" time="17.876788">
<testsuite name="Text1.spec.js" timestamp="2025-07-15T07:27:20.133Z" hostname="chromium" tests="1" failures="1" skipped="0" time="15.104" errors="0">
<testcase name="Key Board" classname="Text1.spec.js" time="15.104">
<failure message="Text1.spec.js:3:5 Key Board" type="FAILURE">
<![CDATA[  [chromium] › Text1.spec.js:3:5 › Key Board ───────────────────────────────────────────────────────

    Error: page.goto: Target page, context or browser has been closed
    Call log:
      - navigating to "https://gotranscript.com/text-compare", waiting until "load"


      2 |
      3 | test("Key Board",async({page})=>{
    > 4 |     await page.goto('https://gotranscript.com/text-compare')
        |                ^
      5 |     await page.locator('#text1').fill('Welcome to the class')
      6 |     await page.keyboard.press('Contro+A')
      7 |     await page.keyboard.press('Control+C')
        at C:\Playwright\tests\Text1.spec.js:4:16

    attachment #1: trace (application/zip) ─────────────────────────────────────────────────────────
    test-results\Text1-Key-Board-chromium\trace.zip
    Usage:

        npx playwright show-trace test-results\Text1-Key-Board-chromium\trace.zip

    ────────────────────────────────────────────────────────────────────────────────────────────────
]]>
</failure>
<system-out>
<![CDATA[
[[ATTACHMENT|test-results\Text1-Key-Board-chromium\trace.zip]]
]]>
</system-out>
</testcase>
</testsuite>
</testsuites>